exports[`test Navigation renders correctly 1`] = `
<div
  className="form-group">
  <label
    className="col-xs-4 control-label"
    htmlFor="formHorizontalName" />
  <div
    className="col-xs-8">
    1
  </div>
</div>
`;
