// Jest Snapshot v1, https://goo.gl/fbAQLP

exports[`viewManager/PUS15View/Components/View/PUS15ViewContainer snapshot 1`] = `
<ReduxForm
  serviceApid="serviceApid"
  serviceApidName="serviceApidName"
/>
`;
