exports[`test EditTrack renders correctly 1`] = `
<form
  className="form-horizontal"
  onSubmit={[Function]}>
  <div
    className="formGroup form-group">
    <b
      className="labelFormControl">
      Id
    </b>
    <input
      className="form-control formControl"
      disabled={true} />
  </div>
  <div
    className="formGroup form-group">
    <b
      className="labelFormControl">
      Master track
    </b>
    <input
      disabled={true}
      type="checkbox" />
  </div>
  <div
    className="formGroup form-group">
    <b
      className="labelFormControl">
      Session
    </b>
    <select
      className="form-control formControl"
      defaultValue={0} />
  </div>
  <div
    className="formGroup form-group">
    <b
      className="labelFormControl">
      Offset Y M D
    </b>
    <input
      className="input input_years form-control"
      placeholder="years"
      type="number" />
    <input
      className="input input_months form-control"
      placeholder="months"
      type="number" />
    <input
      className="input input_days form-control"
      placeholder="days"
      type="number" />
  </div>
  <div
    className="formGroup form-group">
    <b
      className="labelFormControl">
      Offset H M S MS
    </b>
    <input
      className="input input_hours form-control"
      placeholder="hours"
      type="number" />
    <input
      className="input input_minutes form-control"
      placeholder="minutes"
      type="number" />
    <input
      className="input input_seconds form-control"
      placeholder="seconds"
      type="number" />
    <input
      className="input input_milliseconds form-control"
      placeholder="milliseconds"
      type="number" />
  </div>
  <div
    className="formGroup form-group">
    <b
      className="labelFormControl">
      Â 
    </b>
    <input
      className="addTrackButton btn-md btn-primary"
      type="submit"
      value="Edit track" />
  </div>
</form>
`;
