// Jest Snapshot v1, https://goo.gl/fbAQLP

exports[`PUSMMETabContainer :: render snapshot 1`] = `<ReduxForm />`;
