// Jest Snapshot v1, https://goo.gl/fbAQLP

exports[`TextSearch :: render snapshot 1`] = `
<div>
  <h4
    className="text-center mb10"
  >
    Search in Text View
  </h4>
  <div>
    <form
      onSubmit={[Function]}
    >
      <Row
        bsClass="row"
        componentClass="div"
      >
        <Col
          bsClass="col"
          componentClass="div"
          xs={10}
          xsOffset={1}
        >
          <FormGroup
            bsClass="form-group"
            controlId="searchText"
          >
            <FormControl
              bsClass="form-control"
              className="col-xs-10"
              componentClass="input"
              onChange={[Function]}
              placeholder="Enter research text"
              type="text"
              value=""
            />
          </FormGroup>
        </Col>
      </Row>
      <Row
        bsClass="row"
        componentClass="div"
      >
        <Col
          bsClass="col"
          componentClass="div"
          xs={4}
          xsOffset={1}
        >
          <Button
            active={false}
            block={false}
            bsClass="btn"
            bsStyle="default"
            className="center mt20"
            disabled={false}
            onClick={[Function]}
          >
            Cancel
          </Button>
        </Col>
        <Col
          bsClass="col"
          componentClass="div"
          xs={4}
          xsOffset={3}
        >
          <Button
            active={false}
            block={false}
            bsClass="btn"
            bsStyle="default"
            className="center mt20"
            disabled={false}
            onClick={[Function]}
          >
            Search
          </Button>
        </Col>
      </Row>
    </form>
  </div>
</div>
`;
