// Jest Snapshot v1, https://goo.gl/fbAQLP

exports[`viewManager viewManager :: commonEditor viewManager :: commonEditor :: Fields viewManager :: commonEditor :: Fields :: ComObjectContainer snapshot 1`] = `
<ReduxForm
  catalogName="catalogName"
  domainName="domainName"
  itemName="itemName"
  pageId="pageId"
  timelineId="timelineId"
  viewId="viewId"
/>
`;
