// Jest Snapshot v1, https://goo.gl/fbAQLP

exports[`Controls renders correctly 1`] = `
<div>
  <ul
    className="controlsUl controlsUlRight"
  >
    <li
      className="controlsLi"
    >
      <button
        className="btn btn-xs btn-control controlButtonActive"
        mode="Normal"
        onClick={[Function]}
        title="Normal mode"
      >
        Normal
      </button>
    </li>
    <li
      className="controlsLi"
    >
      <button
        className="btn btn-xs btn-control"
        mode="Extensible"
        onClick={[Function]}
        title="Extensible mode"
      >
        Extensible
      </button>
    </li>
    <li
      className="controlsLi"
    >
      <button
        className="btn btn-xs btn-control"
        mode="Fixed"
        onClick={[Function]}
        title="Fixed mode"
      >
        Fixed
      </button>
    </li>
    <li
      className="controlsLi"
    >
      <span
        className="btn btn-xs btn-control controlButtonDisabled"
        mode="Realtime"
        onBlur={[Function]}
        onClick={null}
        onFocus={[Function]}
        onMouseOut={[Function]}
        onMouseOver={[Function]}
      >
        Real time
      </span>
    </li>
  </ul>
</div>
`;
