// Jest Snapshot v1, https://goo.gl/fbAQLP

exports[`PUS14TabContainer :: render snapshot 1`] = `<ReduxForm />`;
