// Jest Snapshot v1, https://goo.gl/fbAQLP

exports[`PUS12TabContainer :: render snapshot 1`] = `<ReduxForm />`;
