// Jest Snapshot v1, https://goo.gl/fbAQLP

exports[`PUS13TabContainer :: render snapshot 1`] = `<ReduxForm />`;
